#-----------------------------------------------------------
# Vivado v2018.3 (64-bit)
# SW Build 2405991 on Thu Dec  6 23:36:41 MST 2018
# IP Build 2404404 on Fri Dec  7 01:43:56 MST 2018
# Start of session at: Wed Mar 29 22:17:29 2023
# Process ID: 2438175
# Current directory: /home/ssddls1/ashutosh/ashufpga/fpga/fpga-shells/xilinx/zcu102/tcl
# Command line: vivado
# Log file: /home/ssddls1/ashutosh/ashufpga/fpga/fpga-shells/xilinx/zcu102/tcl/vivado.log
# Journal file: /home/ssddls1/ashutosh/ashufpga/fpga/fpga-shells/xilinx/zcu102/tcl/vivado.jou
#-----------------------------------------------------------
start_gui
open_project /home/ssddls1/ashutosh/ashufpga/fpga/generated-src/chipyard.fpga.zcu102.ZCU102FPGATestHarness.RocketZCU102Config/ZCU102FPGATestHarness.xpr
update_compile_order -fileset sources_1
launch_runs impl_1 -to_step write_bitstream -jobs 6
wait_on_run impl_1
open_hw
connect_hw_server
open_hw_target
set_property PROGRAM.FILE {/home/ssddls1/ashutosh/ashufpga/fpga/generated-src/chipyard.fpga.zcu102.ZCU102FPGATestHarness.RocketZCU102Config/ZCU102FPGATestHarness.runs/impl_1/ZCU102FPGATestHarness.bit} [get_hw_devices xczu9_0]
set_property PROBES.FILE {/home/ssddls1/ashutosh/ashufpga/fpga/generated-src/chipyard.fpga.zcu102.ZCU102FPGATestHarness.RocketZCU102Config/ZCU102FPGATestHarness.runs/impl_1/ZCU102FPGATestHarness.ltx} [get_hw_devices xczu9_0]
set_property FULL_PROBES.FILE {/home/ssddls1/ashutosh/ashufpga/fpga/generated-src/chipyard.fpga.zcu102.ZCU102FPGATestHarness.RocketZCU102Config/ZCU102FPGATestHarness.runs/impl_1/ZCU102FPGATestHarness.ltx} [get_hw_devices xczu9_0]
current_hw_device [get_hw_devices xczu9_0]
refresh_hw_device [lindex [get_hw_devices xczu9_0] 0]
current_hw_device [get_hw_devices arm_dap_1]
refresh_hw_device -update_hw_probes false [lindex [get_hw_devices arm_dap_1] 0]
current_hw_device [get_hw_devices xczu9_0]
refresh_hw_device [lindex [get_hw_devices xczu9_0] 0]
set_property PROBES.FILE {/home/ssddls1/ashutosh/ashufpga/fpga/generated-src/chipyard.fpga.zcu102.ZCU102FPGATestHarness.RocketZCU102Config/ZCU102FPGATestHarness.runs/impl_1/ZCU102FPGATestHarness.ltx} [get_hw_devices xczu9_0]
set_property FULL_PROBES.FILE {/home/ssddls1/ashutosh/ashufpga/fpga/generated-src/chipyard.fpga.zcu102.ZCU102FPGATestHarness.RocketZCU102Config/ZCU102FPGATestHarness.runs/impl_1/ZCU102FPGATestHarness.ltx} [get_hw_devices xczu9_0]
set_property PROGRAM.FILE {/home/ssddls1/ashutosh/ashufpga/fpga/generated-src/chipyard.fpga.zcu102.ZCU102FPGATestHarness.RocketZCU102Config/ZCU102FPGATestHarness.runs/impl_1/ZCU102FPGATestHarness.bit} [get_hw_devices xczu9_0]
program_hw_devices [get_hw_devices xczu9_0]
refresh_hw_device [lindex [get_hw_devices xczu9_0] 0]
